TRUTH
NIL
NIL
TRUTH
NIL
NIL
TRUTH
TRUTH
NIL
TRUTH
TRUTH
NIL
TRUTH
NIL
TRUTH
TRUTH