Error on line 2: function 'double' expects 1 parameters, but 2 were given