3.0
5.0
10.0
Error: Arithmetic operations must have at least two parameters