5.0
3.0
3.5
Infinity
Error: Arithmetic operations must have at least two parameters