5.0
-10.0
7.0
Error on line 4: Arithmetic operations must have at least two parameters